STL translation to Solid Edge
Date: lunes,octubre 05,2026 06:50
Source File:C:\Users\gavil\OneDrive - Universidad Carlos III de Madrid\4to\1er Cuatri\Arquitectura de Control de Robots\Project\Brazo\STLs\BR3E - Eje Parte 3.STL
Author: Unknown
Organization: Unknown
Source System: DEX

Hardware:
Processor: Intel(R) Core(TM) i7-7700K CPU @ 4.20GHz
Operating System: Windows 10
Installed Memory: 39,83 GB

Software Information:
Parasolid Version: 37.0.118
PSBodyshop Version: 37.0.94
STL Adapter Version: 15.0.142
Solid Edge Version: 225.00.01.004 x64

STL Import Options
Heal Mesh Faults:Off
Make Base Feature:On
Enable Logging:On

Translation progress:
Translation process completed
Time required to translate:00 : 00 : 00
